
> credx@0.1.0 build C:\Users\locha\OneDrive\Desktop\credx\apps\credx
> npm run icons && next build --webpack


> credx@0.1.0 icons
> node scripts/generate-icons.mjs

Generated favicon-16x16.png
Generated favicon-32x32.png
Generated apple-touch-icon.png
Generated android-chrome-192x192.png
Generated android-chrome-512x512.png
Generated favicon.ico
Icons generated successfully.
▲ Next.js 16.1.6 (webpack)

  Creating an optimized production build ...
Failed to compile.

./app/lib/calculator.ts
Module not found: Can't resolve '@credx/shared'

https://nextjs.org/docs/messages/module-not-found

Import trace for requested module:
./app/page.tsx

./app/lib/currency.ts
Module not found: Can't resolve '@credx/shared'

https://nextjs.org/docs/messages/module-not-found

Import trace for requested module:
./app/pay-now/page.tsx

./app/lib/rewards/store.ts
Module not found: Can't resolve '@credx/shared'

https://nextjs.org/docs/messages/module-not-found

Import trace for requested module:
./app/monthly-extra/page.tsx

./app/lib/score.ts
Module not found: Can't resolve '@credx/shared'

https://nextjs.org/docs/messages/module-not-found

Import trace for requested module:
./app/rewards/page.tsx

./app/lib/rewards/index.ts
Module not found: Can't resolve '@credx/shared'

https://nextjs.org/docs/messages/module-not-found

Import trace for requested module:
./app/api/rewards/bonus/route.ts


> Build failed because of webpack errors
 ELIFECYCLE  Command failed with exit code 1.
